// Jest Snapshot v1, https://goo.gl/fbAQLP

exports[`should render an event summary card 1`] = `"<div><div class=\\"event\\"><a style=\\"text-decoration: none;\\" href=\\"/events/undefined\\"><h2 class=\\"event-title\\">My title</h2></a></div></div>"`;
